179.232.248.223 - - [31/Jul/2013:00:12:09 -0300] "GET /casas/nhac.jpg HTTP/1.1" 200 37340 "http://www.gastronomiajoinville.com.br/casas.php" "Mozilla/5.0 (compatible; MSIE 9.0; Windows NT 6.1; WOW64; Trident/5.0)"
179.232.248.223 - - [31/Jul/2013:00:12:09 -0300] "GET /casas/barao.jpg HTTP/1.1" 200 25529 "http://www.gastronomiajoinville.com.br/casas.php" "Mozilla/5.0 (compatible; MSIE 9.0; Windows NT 6.1; WOW64; Trident/5.0)"
179.232.248.223 - - [31/Jul/2013:00:12:09 -0300] "GET /casas/biergarten.jpg HTTP/1.1" 200 28918 "http://www.gastronomiajoinville.com.br/casas.php" "Mozilla/5.0 (compatible; MSIE 9.0; Windows NT 6.1; WOW64; Trident/5.0)"
179.232.248.223 - - [31/Jul/2013:00:12:09 -0300] "GET /casas/pedrini.jpg HTTP/1.1" 200 24652 "http://www.gastronomiajoinville.com.br/casas.php" "Mozilla/5.0 (compatible; MSIE 9.0; Windows NT 6.1; WOW64; Trident/5.0)"
179.232.248.223 - - [31/Jul/2013:00:12:09 -0300] "GET /casas/niusushi.jpg HTTP/1.1" 200 29943 "http://www.gastronomiajoinville.com.br/casas.php" "Mozilla/5.0 (compatible; MSIE 9.0; Windows NT 6.1; WOW64; Trident/5.0)"
179.232.248.223 - - [31/Jul/2013:00:12:09 -0300] "GET /casas/borgonovo.jpg HTTP/1.1" 200 15917 "http://www.gastronomiajoinville.com.br/casas.php" "Mozilla/5.0 (compatible; MSIE 9.0; Windows NT 6.1; WOW64; Trident/5.0)"
179.232.248.223 - - [31/Jul/2013:00:12:09 -0300] "GET /casas/container.jpg HTTP/1.1" 200 15871 "http://www.gastronomiajoinville.com.br/casas.php" "Mozilla/5.0 (compatible; MSIE 9.0; Windows NT 6.1; WOW64; Trident/5.0)"
179.232.248.223 - - [31/Jul/2013:00:12:09 -0300] "GET /casas/peia.jpg HTTP/1.1" 200 27334 "http://www.gastronomiajoinville.com.br/casas.php" "Mozilla/5.0 (compatible; MSIE 9.0; Windows NT 6.1; WOW64; Trident/5.0)"
179.232.248.223 - - [31/Jul/2013:00:12:10 -0300] "GET /casas/pizza-na-pedra.jpg HTTP/1.1" 200 34765 "http://www.gastronomiajoinville.com.br/casas.php" "Mozilla/5.0 (compatible; MSIE 9.0; Windows NT 6.1; WOW64; Trident/5.0)"
179.232.248.223 - - [31/Jul/2013:00:12:10 -0300] "GET /casas/pocotapas.jpg HTTP/1.1" 200 9112 "http://www.gastronomiajoinville.com.br/casas.php" "Mozilla/5.0 (compatible; MSIE 9.0; Windows NT 6.1; WOW64; Trident/5.0)"
179.232.248.223 - - [31/Jul/2013:00:12:10 -0300] "GET /_include/img/patrocinadores/realizacao.png HTTP/1.1" 200 3423 "http://www.gastronomiajoinville.com.br/casas.php" "Mozilla/5.0 (compatible; MSIE 9.0; Windows NT 6.1; WOW64; Trident/5.0)"
179.232.248.223 - - [31/Jul/2013:00:12:10 -0300] "GET /_include/img/patrocinadores/camara.jpg HTTP/1.1" 200 8157 "http://www.gastronomiajoinville.com.br/casas.php" "Mozilla/5.0 (compatible; MSIE 9.0; Windows NT 6.1; WOW64; Trident/5.0)"
179.232.248.223 - - [31/Jul/2013:00:12:10 -0300] "GET /casas/rosti.jpg HTTP/1.1" 200 32549 "http://www.gastronomiajoinville.com.br/casas.php" "Mozilla/5.0 (compatible; MSIE 9.0; Windows NT 6.1; WOW64; Trident/5.0)"
179.232.248.223 - - [31/Jul/2013:00:12:10 -0300] "GET /_include/img/patrocinadores/cdl_joinville.jpg HTTP/1.1" 200 5339 "http://www.gastronomiajoinville.com.br/casas.php" "Mozilla/5.0 (compatible; MSIE 9.0; Windows NT 6.1; WOW64; Trident/5.0)"
179.232.248.223 - - [31/Jul/2013:00:12:10 -0300] "GET /casas/slice.jpg HTTP/1.1" 200 26092 "http://www.gastronomiajoinville.com.br/casas.php" "Mozilla/5.0 (compatible; MSIE 9.0; Windows NT 6.1; WOW64; Trident/5.0)"
179.232.248.223 - - [31/Jul/2013:00:12:10 -0300] "GET /_include/img/patrocinadores/patrocinio.png HTTP/1.1" 200 3369 "http://www.gastronomiajoinville.com.br/casas.php" "Mozilla/5.0 (compatible; MSIE 9.0; Windows NT 6.1; WOW64; Trident/5.0)"
179.232.248.223 - - [31/Jul/2013:00:12:10 -0300] "GET /casas/veneza.jpg HTTP/1.1" 200 36312 "http://www.gastronomiajoinville.com.br/casas.php" "Mozilla/5.0 (compatible; MSIE 9.0; Windows NT 6.1; WOW64; Trident/5.0)"
179.232.248.223 - - [31/Jul/2013:00:12:10 -0300] "GET /_include/img/patrocinadores/amorteceville.jpg HTTP/1.1" 200 3701 "http://www.gastronomiajoinville.com.br/casas.php" "Mozilla/5.0 (compatible; MSIE 9.0; Windows NT 6.1; WOW64; Trident/5.0)"
179.232.248.223 - - [31/Jul/2013:00:12:10 -0300] "GET /casas/villa-pescara.jpg HTTP/1.1" 200 20397 "http://www.gastronomiajoinville.com.br/casas.php" "Mozilla/5.0 (compatible; MSIE 9.0; Windows NT 6.1; WOW64; Trident/5.0)"
179.232.248.223 - - [31/Jul/2013:00:12:10 -0300] "GET /_include/img/patrocinadores/madville.jpg HTTP/1.1" 200 4442 "http://www.gastronomiajoinville.com.br/casas.php" "Mozilla/5.0 (compatible; MSIE 9.0; Windows NT 6.1; WOW64; Trident/5.0)"
179.232.248.223 - - [31/Jul/2013:00:12:10 -0300] "GET /_include/img/patrocinadores/metronorte.jpg HTTP/1.1" 200 4263 "http://www.gastronomiajoinville.com.br/casas.php" "Mozilla/5.0 (compatible; MSIE 9.0; Windows NT 6.1; WOW64; Trident/5.0)"
179.232.248.223 - - [31/Jul/2013:00:12:10 -0300] "GET /_include/img/patrocinadores/unimed.jpg HTTP/1.1" 200 4367 "http://www.gastronomiajoinville.com.br/casas.php" "Mozilla/5.0 (compatible; MSIE 9.0; Windows NT 6.1; WOW64; Trident/5.0)"
179.232.248.223 - - [31/Jul/2013:00:12:10 -0300] "GET /casas/zum.jpg HTTP/1.1" 200 24969 "http://www.gastronomiajoinville.com.br/casas.php" "Mozilla/5.0 (compatible; MSIE 9.0; Windows NT 6.1; WOW64; Trident/5.0)"
179.232.248.223 - - [31/Jul/2013:00:12:10 -0300] "GET /casas/poial.jpg HTTP/1.1" 200 31752 "http://www.gastronomiajoinville.com.br/casas.php" "Mozilla/5.0 (compatible; MSIE 9.0; Windows NT 6.1; WOW64; Trident/5.0)"
179.232.248.223 - - [31/Jul/2013:00:12:10 -0300] "GET /_include/css/fonts/Icons.eot? HTTP/1.1" 404 1340 "http://www.gastronomiajoinville.com.br/casas.php" "Mozilla/5.0 (compatible; MSIE 9.0; Windows NT 6.1; WOW64; Trident/5.0)"
179.232.248.223 - - [31/Jul/2013:00:12:10 -0300] "GET /_include/img/menu-mobile.png HTTP/1.1" 200 2817 "http://www.gastronomiajoinville.com.br/casas.php" "Mozilla/5.0 (compatible; MSIE 9.0; Windows NT 6.1; WOW64; Trident/5.0)"
179.232.248.223 - - [31/Jul/2013:00:12:10 -0300] "GET /_include/img/slider-images/barra_titulo.jpg HTTP/1.1" 200 47804 "http://www.gastronomiajoinville.com.br/casas.php" "Mozilla/5.0 (compatible; MSIE 9.0; Windows NT 6.1; WOW64; Trident/5.0)"
179.232.248.223 - - [31/Jul/2013:00:12:10 -0300] "GET /_include/img/footer/madeira.jpg HTTP/1.1" 200 116224 "http://www.gastronomiajoinville.com.br/casas.php" "Mozilla/5.0 (compatible; MSIE 9.0; Windows NT 6.1; WOW64; Trident/5.0)"
179.232.248.223 - - [31/Jul/2013:00:12:10 -0300] "GET /_include/css/fonts/Icons.woff HTTP/1.1" 404 1340 "http://www.gastronomiajoinville.com.br/casas.php" "Mozilla/5.0 (compatible; MSIE 9.0; Windows NT 6.1; WOW64; Trident/5.0)"
179.232.248.223 - - [31/Jul/2013:00:12:10 -0300] "GET /_include/css/fonts/Icons.ttf HTTP/1.1" 404 1340 "http://www.gastronomiajoinville.com.br/casas.php" "Mozilla/5.0 (compatible; MSIE 9.0; Windows NT 6.1; WOW64; Trident/5.0)"
179.232.248.223 - - [31/Jul/2013:00:12:11 -0300] "GET /casas.php HTTP/1.1" 200 13574 "-" "Mozilla/5.0 (compatible; MSIE 9.0; Windows NT 6.1; WOW64; Trident/5.0)"
179.232.248.223 - - [31/Jul/2013:00:12:18 -0300] "GET /festival.php HTTP/1.1" 200 9011 "http://www.gastronomiajoinville.com.br/casas.php" "Mozilla/5.0 (compatible; MSIE 9.0; Windows NT 6.1; WOW64; Trident/5.0)"
179.232.248.223 - - [31/Jul/2013:00:12:18 -0300] "GET /_include/img/blog/01.jpg HTTP/1.1" 200 117057 "http://www.gastronomiajoinville.com.br/festival.php" "Mozilla/5.0 (compatible; MSIE 9.0; Windows NT 6.1; WOW64; Trident/5.0)"
179.232.248.223 - - [31/Jul/2013:00:12:19 -0300] "GET /_include/css/fonts/Icons.eot? HTTP/1.1" 404 1346 "http://www.gastronomiajoinville.com.br/festival.php" "Mozilla/5.0 (compatible; MSIE 9.0; Windows NT 6.1; WOW64; Trident/5.0)"
179.232.248.223 - - [31/Jul/2013:00:12:19 -0300] "GET /_include/css/fonts/Icons.woff HTTP/1.1" 404 1346 "http://www.gastronomiajoinville.com.br/festival.php" "Mozilla/5.0 (compatible; MSIE 9.0; Windows NT 6.1; WOW64; Trident/5.0)"
179.232.248.223 - - [31/Jul/2013:00:12:19 -0300] "GET /_include/css/fonts/Icons.ttf HTTP/1.1" 404 1346 "http://www.gastronomiajoinville.com.br/festival.php" "Mozilla/5.0 (compatible; MSIE 9.0; Windows NT 6.1; WOW64; Trident/5.0)"
179.232.248.223 - - [31/Jul/2013:00:12:19 -0300] "GET /festival.php HTTP/1.1" 200 9011 "-" "Mozilla/5.0 (compatible; MSIE 9.0; Windows NT 6.1; WOW64; Trident/5.0)"
179.232.248.223 - - [31/Jul/2013:00:12:27 -0300] "GET /index.php HTTP/1.1" 200 12045 "http://www.gastronomiajoinville.com.br/festival.php" "Mozilla/5.0 (compatible; MSIE 9.0; Windows NT 6.1; WOW64; Trident/5.0)"
179.232.248.223 - - [31/Jul/2013:00:12:27 -0300] "GET /_include/img/banner/banner01_bg.jpg HTTP/1.1" 200 1070673 "http://www.gastronomiajoinville.com.br/index.php" "Mozilla/5.0 (compatible; MSIE 9.0; Windows NT 6.1; WOW64; Trident/5.0)"
179.232.248.223 - - [31/Jul/2013:00:12:27 -0300] "GET /_include/img/slider-images/data.png HTTP/1.1" 200 86215 "http://www.gastronomiajoinville.com.br/index.php" "Mozilla/5.0 (compatible; MSIE 9.0; Windows NT 6.1; WOW64; Trident/5.0)"
179.232.248.223 - - [31/Jul/2013:00:12:28 -0300] "GET /_include/img/banner/banner02_bg.jpg HTTP/1.1" 200 847012 "http://www.gastronomiajoinville.com.br/index.php" "Mozilla/5.0 (compatible; MSIE 9.0; Windows NT 6.1; WOW64; Trident/5.0)"
179.232.248.223 - - [31/Jul/2013:00:12:28 -0300] "GET /_include/img/banner/banner02_estrela.png HTTP/1.1" 200 112703 "http://www.gastronomiajoinville.com.br/index.php" "Mozilla/5.0 (compatible; MSIE 9.0; Windows NT 6.1; WOW64; Trident/5.0)"
179.232.248.223 - - [31/Jul/2013:00:12:28 -0300] "GET /_include/img/home/casas_home.png HTTP/1.1" 200 288098 "http://www.gastronomiajoinville.com.br/index.php" "Mozilla/5.0 (compatible; MSIE 9.0; Windows NT 6.1; WOW64; Trident/5.0)"
179.232.248.223 - - [31/Jul/2013:00:12:28 -0300] "GET /_include/img/home/ofestival_home.png HTTP/1.1" 200 272413 "http://www.gastronomiajoinville.com.br/index.php" "Mozilla/5.0 (compatible; MSIE 9.0; Windows NT 6.1; WOW64; Trident/5.0)"
179.232.248.223 - - [31/Jul/2013:00:12:29 -0300] "GET /_include/css/fonts/Icons.eot? HTTP/1.1" 404 1340 "http://www.gastronomiajoinville.com.br/index.php" "Mozilla/5.0 (compatible; MSIE 9.0; Windows NT 6.1; WOW64; Trident/5.0)"
179.232.248.223 - - [31/Jul/2013:00:12:29 -0300] "GET /_include/css/fonts/Icons.woff HTTP/1.1" 404 1340 "http://www.gastronomiajoinville.com.br/index.php" "Mozilla/5.0 (compatible; MSIE 9.0; Windows NT 6.1; WOW64; Trident/5.0)"
179.232.248.223 - - [31/Jul/2013:00:12:29 -0300] "GET /_include/rs-plugin/assets/loader.gif HTTP/1.1" 200 2545 "http://www.gastronomiajoinville.com.br/index.php" "Mozilla/5.0 (compatible; MSIE 9.0; Windows NT 6.1; WOW64; Trident/5.0)"
179.232.248.223 - - [31/Jul/2013:00:12:29 -0300] "GET /_include/rs-plugin/assets/timer.png HTTP/1.1" 200 125 "http://www.gastronomiajoinville.com.br/index.php" "Mozilla/5.0 (compatible; MSIE 9.0; Windows NT 6.1; WOW64; Trident/5.0)"
179.232.248.223 - - [31/Jul/2013:00:12:29 -0300] "GET /_include/css/fonts/Icons.ttf HTTP/1.1" 404 1340 "http://www.gastronomiajoinville.com.br/index.php" "Mozilla/5.0 (compatible; MSIE 9.0; Windows NT 6.1; WOW64; Trident/5.0)"
179.232.248.223 - - [31/Jul/2013:00:12:31 -0300] "GET /index.php HTTP/1.1" 200 12045 "-" "Mozilla/5.0 (compatible; MSIE 9.0; Windows NT 6.1; WOW64; Trident/5.0)"
199.21.99.77 - - [31/Jul/2013:00:12:36 -0300] "GET /robots.txt HTTP/1.1" 404 1062 "-" "Mozilla/5.0 (compatible; YandexBot/3.0; +http://yandex.com/bots)"
180.76.5.89 - - [31/Jul/2013:00:15:46 -0300] "GET /mercado/novo-arduino/feed/ HTTP/1.1" 304 - "-" "Mozilla/5.0 (compatible; Baiduspider/2.0; +http://www.baidu.com/search/spider.html)"
69.171.247.116 - - [31/Jul/2013:00:18:53 -0300] "GET /imagens/casas/poco-tapas.png HTTP/1.1" 404 1062 "-" "facebookexternalhit/1.1 (+http://www.facebook.com/externalhit_uatext.php)"
69.171.228.117 - - [31/Jul/2013:00:24:09 -0300] "GET /imagens/imgFace.jpg HTTP/1.1" 404 1062 "-" "facebookexternalhit/1.1 (+http://www.facebook.com/externalhit_uatext.php)"
200.193.158.47 - - [31/Jul/2013:00:24:41 -0300] "GET /admin/upload/201307153704.jpg HTTP/1.1" 200 203667 "-" "Mozilla/5.0 (Windows NT 6.1) AppleWebKit/537.36 (KHTML, like Gecko) Chrome/28.0.1500.72 Safari/537.36"
200.193.158.47 - - [31/Jul/2013:00:24:41 -0300] "GET /admin/upload/201307153659.jpg HTTP/1.1" 200 111592 "-" "Mozilla/5.0 (Windows NT 6.1) AppleWebKit/537.36 (KHTML, like Gecko) Chrome/28.0.1500.72 Safari/537.36"
66.249.75.197 - - [31/Jul/2013:00:25:16 -0300] "GET /promotur/galerias/urbanas/IMG_5241.jpg HTTP/1.1" 200 134209 "-" "Googlebot-Image/1.0"
189.22.55.34 - - [31/Jul/2013:00:26:18 -0300] "GET /stuff/clientes/ogmo/ogmo_logo_02.jpg HTTP/1.1" 404 1150 "-" "Mozilla/5.0 (Windows NT 5.1; rv:20.0) Gecko/20100101 Firefox/20.0"
189.22.55.34 - - [31/Jul/2013:00:26:18 -0300] "GET /favicon.ico HTTP/1.1" 200 - "-" "Mozilla/5.0 (Windows NT 5.1; rv:20.0) Gecko/20100101 Firefox/20.0"
189.22.55.34 - - [31/Jul/2013:00:26:18 -0300] "GET /favicon.ico HTTP/1.1" 200 - "-" "Mozilla/5.0 (Windows NT 5.1; rv:20.0) Gecko/20100101 Firefox/20.0"
189.22.55.34 - - [31/Jul/2013:00:26:21 -0300] "GET / HTTP/1.1" 200 44411 "http://www.marketeria.com.br/stuff/clientes/ogmo/ogmo_logo_02.jpg" "Mozilla/5.0 (Windows NT 5.1; rv:20.0) Gecko/20100101 Firefox/20.0"
189.22.55.34 - - [31/Jul/2013:00:26:23 -0300] "GET /novo/wp-content/themes/cubrik/style.css HTTP/1.1" 200 72615 "http://www.marketeria.com.br/" "Mozilla/5.0 (Windows NT 5.1; rv:20.0) Gecko/20100101 Firefox/20.0"
189.22.55.34 - - [31/Jul/2013:00:26:23 -0300] "GET /novo/wp-content/plugins/jetpack/modules/widgets/widgets.css?ver=20121003 HTTP/1.1" 200 204 "http://www.marketeria.com.br/" "Mozilla/5.0 (Windows NT 5.1; rv:20.0) Gecko/20100101 Firefox/20.0"
189.22.55.34 - - [31/Jul/2013:00:26:23 -0300] "GET /novo/wp-includes/js/jquery/jquery.js?ver=1.8.3 HTTP/1.1" 200 93658 "http://www.marketeria.com.br/" "Mozilla/5.0 (Windows NT 5.1; rv:20.0) Gecko/20100101 Firefox/20.0"
189.22.55.34 - - [31/Jul/2013:00:26:23 -0300] "GET /novo/wp-content/uploads/2013/05/logo.png HTTP/1.1" 200 8008 "http://www.marketeria.com.br/" "Mozilla/5.0 (Windows NT 5.1; rv:20.0) Gecko/20100101 Firefox/20.0"
189.22.55.34 - - [31/Jul/2013:00:26:23 -0300] "GET /novo/wp-content/uploads/2013/04/capa17.jpg HTTP/1.1" 200 17854 "http://www.marketeria.com.br/" "Mozilla/5.0 (Windows NT 5.1; rv:20.0) Gecko/20100101 Firefox/20.0"
189.22.55.34 - - [31/Jul/2013:00:26:23 -0300] "GET /novo/wp-content/uploads/2013/04/capa7.jpg HTTP/1.1" 200 26718 "http://www.marketeria.com.br/" "Mozilla/5.0 (Windows NT 5.1; rv:20.0) Gecko/20100101 Firefox/20.0"
189.22.55.34 - - [31/Jul/2013:00:26:23 -0300] "GET /novo/wp-content/uploads/2013/04/baiti03.jpg HTTP/1.1" 200 67289 "http://www.marketeria.com.br/" "Mozilla/5.0 (Windows NT 5.1; rv:20.0) Gecko/20100101 Firefox/20.0"
189.22.55.34 - - [31/Jul/2013:00:26:23 -0300] "GET /novo/wp-content/uploads/2013/05/capa5.jpg HTTP/1.1" 200 35206 "http://www.marketeria.com.br/" "Mozilla/5.0 (Windows NT 5.1; rv:20.0) Gecko/20100101 Firefox/20.0"
189.22.55.34 - - [31/Jul/2013:00:26:23 -0300] "GET /novo/wp-content/uploads/2013/05/capa.jpg HTTP/1.1" 200 91076 "http://www.marketeria.com.br/" "Mozilla/5.0 (Windows NT 5.1; rv:20.0) Gecko/20100101 Firefox/20.0"
189.22.55.34 - - [31/Jul/2013:00:26:23 -0300] "GET /novo/wp-content/uploads/2013/04/CAPA_011.jpg HTTP/1.1" 200 45006 "http://www.marketeria.com.br/" "Mozilla/5.0 (Windows NT 5.1; rv:20.0) Gecko/20100101 Firefox/20.0"
189.22.55.34 - - [31/Jul/2013:00:26:23 -0300] "GET /novo/wp-content/uploads/2013/04/capa11.jpg HTTP/1.1" 200 8634 "http://www.marketeria.com.br/" "Mozilla/5.0 (Windows NT 5.1; rv:20.0) Gecko/20100101 Firefox/20.0"
189.22.55.34 - - [31/Jul/2013:00:26:23 -0300] "GET /novo/wp-content/uploads/2013/04/capa21.jpg HTTP/1.1" 200 47392 "http://www.marketeria.com.br/" "Mozilla/5.0 (Windows NT 5.1; rv:20.0) Gecko/20100101 Firefox/20.0"
189.22.55.34 - - [31/Jul/2013:00:26:23 -0300] "GET /novo/wp-content/uploads/2013/05/capa3.jpg HTTP/1.1" 200 66317 "http://www.marketeria.com.br/" "Mozilla/5.0 (Windows NT 5.1; rv:20.0) Gecko/20100101 Firefox/20.0"
189.22.55.34 - - [31/Jul/2013:00:26:23 -0300] "GET /novo/wp-content/uploads/2013/05/capa4.jpg HTTP/1.1" 200 22556 "http://www.marketeria.com.br/" "Mozilla/5.0 (Windows NT 5.1; rv:20.0) Gecko/20100101 Firefox/20.0"
189.22.55.34 - - [31/Jul/2013:00:26:23 -0300] "GET /novo/wp-content/uploads/2013/04/capa14.jpg HTTP/1.1" 200 36496 "http://www.marketeria.com.br/" "Mozilla/5.0 (Windows NT 5.1; rv:20.0) Gecko/20100101 Firefox/20.0"
189.22.55.34 - - [31/Jul/2013:00:26:23 -0300] "GET /novo/wp-content/uploads/2013/05/capa21.jpg HTTP/1.1" 200 89748 "http://www.marketeria.com.br/" "Mozilla/5.0 (Windows NT 5.1; rv:20.0) Gecko/20100101 Firefox/20.0"
189.22.55.34 - - [31/Jul/2013:00:26:23 -0300] "GET /novo/wp-content/uploads/2013/04/capa19.jpg HTTP/1.1" 200 76734 "http://www.marketeria.com.br/" "Mozilla/5.0 (Windows NT 5.1; rv:20.0) Gecko/20100101 Firefox/20.0"
189.22.55.34 - - [31/Jul/2013:00:26:23 -0300] "GET /novo/wp-content/uploads/2013/04/CAPA_02.jpg HTTP/1.1" 200 94812 "http://www.marketeria.com.br/" "Mozilla/5.0 (Windows NT 5.1; rv:20.0) Gecko/20100101 Firefox/20.0"
189.22.55.34 - - [31/Jul/2013:00:26:23 -0300] "GET /novo/wp-content/uploads/2013/04/capa4.jpg HTTP/1.1" 200 54562 "http://www.marketeria.com.br/" "Mozilla/5.0 (Windows NT 5.1; rv:20.0) Gecko/20100101 Firefox/20.0"
189.22.55.34 - - [31/Jul/2013:00:26:23 -0300] "GET /novo/wp-content/uploads/2013/05/CAPA.jpg HTTP/1.1" 200 97509 "http://www.marketeria.com.br/" "Mozilla/5.0 (Windows NT 5.1; rv:20.0) Gecko/20100101 Firefox/20.0"
189.22.55.34 - - [31/Jul/2013:00:26:23 -0300] "GET /novo/wp-content/uploads/2013/04/capa2.jpg HTTP/1.1" 200 54513 "http://www.marketeria.com.br/" "Mozilla/5.0 (Windows NT 5.1; rv:20.0) Gecko/20100101 Firefox/20.0"
189.22.55.34 - - [31/Jul/2013:00:26:23 -0300] "GET /novo/wp-content/uploads/2013/04/capa_medeiros.jpg HTTP/1.1" 200 26124 "http://www.marketeria.com.br/" "Mozilla/5.0 (Windows NT 5.1; rv:20.0) Gecko/20100101 Firefox/20.0"
189.22.55.34 - - [31/Jul/2013:00:26:23 -0300] "GET /novo/wp-content/uploads/2013/04/capa13.jpg HTTP/1.1" 200 36843 "http://www.marketeria.com.br/" "Mozilla/5.0 (Windows NT 5.1; rv:20.0) Gecko/20100101 Firefox/20.0"
189.22.55.34 - - [31/Jul/2013:00:26:23 -0300] "GET /novo/wp-content/uploads/2013/04/capa8.jpg HTTP/1.1" 200 66520 "http://www.marketeria.com.br/" "Mozilla/5.0 (Windows NT 5.1; rv:20.0) Gecko/20100101 Firefox/20.0"
189.22.55.34 - - [31/Jul/2013:00:26:23 -0300] "GET /novo/wp-content/uploads/2013/05/capa1.jpg HTTP/1.1" 200 29710 "http://www.marketeria.com.br/" "Mozilla/5.0 (Windows NT 5.1; rv:20.0) Gecko/20100101 Firefox/20.0"
189.22.55.34 - - [31/Jul/2013:00:26:24 -0300] "GET /novo/wp-content/uploads/2013/04/capa16.jpg HTTP/1.1" 200 26475 "http://www.marketeria.com.br/" "Mozilla/5.0 (Windows NT 5.1; rv:20.0) Gecko/20100101 Firefox/20.0"
189.22.55.34 - - [31/Jul/2013:00:26:24 -0300] "GET /novo/wp-content/uploads/2013/04/capa_panificadora.jpg HTTP/1.1" 200 31665 "http://www.marketeria.com.br/" "Mozilla/5.0 (Windows NT 5.1; rv:20.0) Gecko/20100101 Firefox/20.0"
189.22.55.34 - - [31/Jul/2013:00:26:24 -0300] "GET /novo/wp-content/uploads/2013/04/capa6.jpg HTTP/1.1" 200 35932 "http://www.marketeria.com.br/" "Mozilla/5.0 (Windows NT 5.1; rv:20.0) Gecko/20100101 Firefox/20.0"
189.22.55.34 - - [31/Jul/2013:00:26:24 -0300] "GET /novo/wp-content/uploads/2013/04/capa3.jpg HTTP/1.1" 200 112273 "http://www.marketeria.com.br/" "Mozilla/5.0 (Windows NT 5.1; rv:20.0) Gecko/20100101 Firefox/20.0"
189.22.55.34 - - [31/Jul/2013:00:26:24 -0300] "GET /novo/wp-content/uploads/2013/04/capa_porto_itapoa.jpg HTTP/1.1" 200 109248 "http://www.marketeria.com.br/" "Mozilla/5.0 (Windows NT 5.1; rv:20.0) Gecko/20100101 Firefox/20.0"
189.22.55.34 - - [31/Jul/2013:00:26:24 -0300] "GET /novo/wp-content/uploads/2013/05/capa_centerlog.jpg HTTP/1.1" 200 26551 "http://www.marketeria.com.br/" "Mozilla/5.0 (Windows NT 5.1; rv:20.0) Gecko/20100101 Firefox/20.0"
189.22.55.34 - - [31/Jul/2013:00:26:24 -0300] "GET /novo/wp-content/uploads/2013/05/Untitled-1.jpg HTTP/1.1" 200 34993 "http://www.marketeria.com.br/" "Mozilla/5.0 (Windows NT 5.1; rv:20.0) Gecko/20100101 Firefox/20.0"
189.22.55.34 - - [31/Jul/2013:00:26:24 -0300] "GET /novo/wp-content/uploads/2013/04/capa15.jpg HTTP/1.1" 200 76153 "http://www.marketeria.com.br/" "Mozilla/5.0 (Windows NT 5.1; rv:20.0) Gecko/20100101 Firefox/20.0"
189.22.55.34 - - [31/Jul/2013:00:26:24 -0300] "GET /novo/wp-content/uploads/2013/04/capa_cia_florestal1.jpg HTTP/1.1" 200 109311 "http://www.marketeria.com.br/" "Mozilla/5.0 (Windows NT 5.1; rv:20.0) Gecko/20100101 Firefox/20.0"
189.22.55.34 - - [31/Jul/2013:00:26:24 -0300] "GET /novo/wp-content/uploads/2013/04/capa10.jpg HTTP/1.1" 200 17875 "http://www.marketeria.com.br/" "Mozilla/5.0 (Windows NT 5.1; rv:20.0) Gecko/20100101 Firefox/20.0"
189.22.55.34 - - [31/Jul/2013:00:26:24 -0300] "GET /novo/wp-content/uploads/2013/05/capa2.jpg HTTP/1.1" 200 68054 "http://www.marketeria.com.br/" "Mozilla/5.0 (Windows NT 5.1; rv:20.0) Gecko/20100101 Firefox/20.0"
189.22.55.34 - - [31/Jul/2013:00:26:24 -0300] "GET /novo/wp-content/uploads/2013/04/MG_2683_capa.jpg HTTP/1.1" 200 96703 "http://www.marketeria.com.br/" "Mozilla/5.0 (Windows NT 5.1; rv:20.0) Gecko/20100101 Firefox/20.0"
189.22.55.34 - - [31/Jul/2013:00:26:24 -0300] "GET /novo/wp-content/uploads/2013/04/capa_boteco_bacana.jpg HTTP/1.1" 200 43830 "http://www.marketeria.com.br/" "Mozilla/5.0 (Windows NT 5.1; rv:20.0) Gecko/20100101 Firefox/20.0"
189.22.55.34 - - [31/Jul/2013:00:26:24 -0300] "GET /novo/wp-content/uploads/2013/04/capa9.jpg HTTP/1.1" 200 62152 "http://www.marketeria.com.br/" "Mozilla/5.0 (Windows NT 5.1; rv:20.0) Gecko/20100101 Firefox/20.0"
189.22.55.34 - - [31/Jul/2013:00:26:24 -0300] "GET /novo/wp-content/uploads/2013/04/capa5.jpg HTTP/1.1" 200 33141 "http://www.marketeria.com.br/" "Mozilla/5.0 (Windows NT 5.1; rv:20.0) Gecko/20100101 Firefox/20.0"
189.22.55.34 - - [31/Jul/2013:00:26:24 -0300] "GET /novo/wp-content/uploads/2013/04/capa12.jpg HTTP/1.1" 200 81468 "http://www.marketeria.com.br/" "Mozilla/5.0 (Windows NT 5.1; rv:20.0) Gecko/20100101 Firefox/20.0"
189.22.55.34 - - [31/Jul/2013:00:26:25 -0300] "GET /novo/wp-content/plugins/jetpack/modules/wpgroho.js?ver=3.5.1 HTTP/1.1" 200 930 "http://www.marketeria.com.br/" "Mozilla/5.0 (Windows NT 5.1; rv:20.0) Gecko/20100101 Firefox/20.0"
189.22.55.34 - - [31/Jul/2013:00:26:25 -0300] "GET /novo/wp-content/themes/cubrik/js/waitforimages.js?ver=3.5.1 HTTP/1.1" 200 1180 "http://www.marketeria.com.br/" "Mozilla/5.0 (Windows NT 5.1; rv:20.0) Gecko/20100101 Firefox/20.0"
189.22.55.34 - - [31/Jul/2013:00:26:25 -0300] "GET /novo/wp-content/themes/cubrik/js/jquery.isotope.min.js?ver=3.5.1 HTTP/1.1" 200 15876 "http://www.marketeria.com.br/" "Mozilla/5.0 (Windows NT 5.1; rv:20.0) Gecko/20100101 Firefox/20.0"
189.22.55.34 - - [31/Jul/2013:00:26:25 -0300] "GET /novo/wp-content/themes/cubrik/js/jquery.fancybox.pack.js?ver=3.5.1 HTTP/1.1" 200 22643 "http://www.marketeria.com.br/" "Mozilla/5.0 (Windows NT 5.1; rv:20.0) Gecko/20100101 Firefox/20.0"
189.22.55.34 - - [31/Jul/2013:00:26:25 -0300] "GET /novo/wp-content/themes/cubrik/js/responsiveslides.min.js?ver=3.5.1 HTTP/1.1" 200 3106 "http://www.marketeria.com.br/" "Mozilla/5.0 (Windows NT 5.1; rv:20.0) Gecko/20100101 Firefox/20.0"
189.22.55.34 - - [31/Jul/2013:00:26:25 -0300] "GET /novo/wp-content/themes/cubrik/js/jquery.ui.min.js?ver=3.5.1 HTTP/1.1" 200 19830 "http://www.marketeria.com.br/" "Mozilla/5.0 (Windows NT 5.1; rv:20.0) Gecko/20100101 Firefox/20.0"
189.22.55.34 - - [31/Jul/2013:00:26:25 -0300] "GET /novo/wp-content/themes/cubrik/js/global.min.js?ver=3.5.1 HTTP/1.1" 200 43696 "http://www.marketeria.com.br/" "Mozilla/5.0 (Windows NT 5.1; rv:20.0) Gecko/20100101 Firefox/20.0"
189.22.55.34 - - [31/Jul/2013:00:26:26 -0300] "GET /novo/wp-content/themes/cubrik/img/body-bg.png HTTP/1.1" 200 66189 "http://www.marketeria.com.br/novo/wp-content/themes/cubrik/style.css" "Mozilla/5.0 (Windows NT 5.1; rv:20.0) Gecko/20100101 Firefox/20.0"
189.22.55.34 - - [31/Jul/2013:00:26:26 -0300] "GET /novo/wp-content/themes/cubrik/img/diagonal-line.png HTTP/1.1" 200 3594 "http://www.marketeria.com.br/" "Mozilla/5.0 (Windows NT 5.1; rv:20.0) Gecko/20100101 Firefox/20.0"
189.22.55.34 - - [31/Jul/2013:00:26:26 -0300] "GET /novo/wp-content/themes/cubrik/img/loader.gif HTTP/1.1" 200 1584 "http://www.marketeria.com.br/novo/wp-content/themes/cubrik/style.css" "Mozilla/5.0 (Windows NT 5.1; rv:20.0) Gecko/20100101 Firefox/20.0"
189.22.55.34 - - [31/Jul/2013:00:26:28 -0300] "GET /portifa/ HTTP/1.1" 200 9457 "http://www.marketeria.com.br/" "Mozilla/5.0 (Windows NT 5.1; rv:20.0) Gecko/20100101 Firefox/20.0"
189.22.55.34 - - [31/Jul/2013:00:27:08 -0300] "GET /novo/wp-content/themes/cubrik/img/btn-bg.png HTTP/1.1" 200 925 "http://www.marketeria.com.br/novo/wp-content/themes/cubrik/style.css" "Mozilla/5.0 (Windows NT 5.1; rv:20.0) Gecko/20100101 Firefox/20.0"
187.45.193.213 - - [31/Jul/2013:00:29:57 -0300] "POST /novo/wp-cron.php?doing_wp_cron=1375241397.1470239162445068359375 HTTP/1.0" 200 - "-" "WordPress/3.5.1; http://www.marketeria.com.br"
180.76.5.66 - - [31/Jul/2013:00:29:56 -0300] "GET /dia-a-dia/wiiiii/feed/ HTTP/1.1" 200 757 "-" "Mozilla/5.0 (compatible; Baiduspider/2.0; +http://www.baidu.com/search/spider.html)"
208.115.113.92 - - [31/Jul/2013:00:30:05 -0300] "GET /robots.txt HTTP/1.1" 200 69 "-" "Mozilla/5.0 (compatible; Ezooms/1.0; ezooms.bot@gmail.com)"
184.22.183.114 - - [31/Jul/2013:00:31:45 -0300] "GET /site/sobre HTTP/1.1" 200 9830 "-" "Mozilla/5.0 (X11; Linux i686; rv:6.0) Gecko/20100101 Firefox/6.0"
5.10.83.13 - - [31/Jul/2013:00:33:33 -0300] "GET /festival.php HTTP/1.1" 200 9011 "-" "Mozilla/5.0 (compatible; AhrefsBot/5.0; +http://ahrefs.com/robot/)"
66.249.75.197 - - [31/Jul/2013:00:33:33 -0300] "GET /promotur/thumbs/_MG_1645_u.jpg HTTP/1.1" 200 4707 "-" "Googlebot-Image/1.0"
173.252.100.116 - - [31/Jul/2013:00:35:26 -0300] "GET /admin/upload/201307162125.jpg HTTP/1.1" 200 133514 "-" "facebookexternalhit/1.1 (+http://www.facebook.com/externalhit_uatext.php)"
66.249.75.197 - - [31/Jul/2013:00:36:23 -0300] "GET /promotur/thumbs/_MG_8205.jpg HTTP/1.1" 200 5253 "-" "Googlebot-Image/1.0"
187.18.201.26 - - [31/Jul/2013:00:40:39 -0300] "GET / HTTP/1.1" 200 44411 "-" "Java/1.6.0_31"
187.18.201.26 - - [31/Jul/2013:00:40:44 -0300] "GET /blog HTTP/1.1" 301 - "-" "Java/1.6.0_31"
187.18.201.26 - - [31/Jul/2013:00:40:45 -0300] "GET /blog/ HTTP/1.1" 200 23227 "-" "Java/1.6.0_31"
187.18.201.26 - - [31/Jul/2013:00:40:48 -0300] "GET /contat HTTP/1.1" 301 - "-" "Java/1.6.0_31"
187.18.201.26 - - [31/Jul/2013:00:40:49 -0300] "GET /contat/ HTTP/1.1" 200 12600 "-" "Java/1.6.0_31"
187.18.201.26 - - [31/Jul/2013:00:40:51 -0300] "GET /feed HTTP/1.1" 301 - "-" "Java/1.6.0_31"
187.18.201.26 - - [31/Jul/2013:00:40:52 -0300] "GET /feed/ HTTP/1.1" 200 16582 "-" "Java/1.6.0_31"
187.18.201.26 - - [31/Jul/2013:00:40:54 -0300] "GET /marks HTTP/1.1" 301 - "-" "Java/1.6.0_31"
187.18.201.26 - - [31/Jul/2013:00:40:55 -0300] "GET /marks/ HTTP/1.1" 200 21141 "-" "Java/1.6.0_31"
187.18.201.26 - - [31/Jul/2013:00:40:57 -0300] "GET /novo HTTP/1.1" 301 242 "-" "Java/1.6.0_31"
187.18.201.26 - - [31/Jul/2013:00:40:57 -0300] "GET /novo/ HTTP/1.1" 302 1 "-" "Java/1.6.0_31"
187.18.201.26 - - [31/Jul/2013:00:40:57 -0300] "GET / HTTP/1.1" 200 44411 "-" "Java/1.6.0_31"
187.18.201.26 - - [31/Jul/2013:00:41:01 -0300] "GET /novo/xmlrpc.php HTTP/1.1" 200 42 "-" "Java/1.6.0_31"
187.18.201.26 - - [31/Jul/2013:00:41:02 -0300] "GET /sobre HTTP/1.1" 301 - "-" "Java/1.6.0_31"
187.18.201.26 - - [31/Jul/2013:00:41:03 -0300] "GET /sobre/ HTTP/1.1" 200 13894 "-" "Java/1.6.0_31"
187.18.201.26 - - [31/Jul/2013:00:41:05 -0300] "GET /comments/feed HTTP/1.1" 301 - "-" "Java/1.6.0_31"
187.18.201.26 - - [31/Jul/2013:00:41:06 -0300] "GET /comments/feed/ HTTP/1.1" 200 2201 "-" "Java/1.6.0_31"
187.18.201.26 - - [31/Jul/2013:00:41:08 -0300] "GET /novo/wp-includes/wlwmanifest.xml HTTP/1.1" 200 1052 "-" "Java/1.6.0_31"
187.18.201.26 - - [31/Jul/2013:00:41:08 -0300] "GET /author/gabriela HTTP/1.1" 301 - "-" "Java/1.6.0_31"
187.18.201.26 - - [31/Jul/2013:00:41:09 -0300] "GET /author/gabriela/ HTTP/1.1" 200 12923 "-" "Java/1.6.0_31"
187.18.201.26 - - [31/Jul/2013:00:41:10 -0300] "GET /author/joel HTTP/1.1" 301 - "-" "Java/1.6.0_31"
187.18.201.26 - - [31/Jul/2013:00:41:11 -0300] "GET /author/joel/ HTTP/1.1" 200 22592 "-" "Java/1.6.0_31"
187.18.201.26 - - [31/Jul/2013:00:41:14 -0300] "GET /category/dia-a-dia HTTP/1.1" 301 - "-" "Java/1.6.0_31"
187.18.201.26 - - [31/Jul/2013:00:41:15 -0300] "GET /category/dia-a-dia/ HTTP/1.1" 200 22685 "-" "Java/1.6.0_31"
187.18.201.26 - - [31/Jul/2013:00:41:18 -0300] "GET /category/mercado HTTP/1.1" 301 - "-" "Java/1.6.0_31"
187.18.201.26 - - [31/Jul/2013:00:41:19 -0300] "GET /category/mercado/ HTTP/1.1" 200 19570 "-" "Java/1.6.0_31"
187.18.201.26 - - [31/Jul/2013:00:41:21 -0300] "GET /dia-a-dia/19o-festival-de-publicidade-de-gramado-abertura HTTP/1.1" 301 - "-" "Java/1.6.0_31"
187.18.201.26 - - [31/Jul/2013:00:41:22 -0300] "GET /dia-a-dia/19o-festival-de-publicidade-de-gramado-abertura/ HTTP/1.1" 200 17378 "-" "Java/1.6.0_31"
187.18.201.26 - - [31/Jul/2013:00:41:24 -0300] "GET /novo/wp-comments-post.php HTTP/1.1" 405 - "-" "Java/1.6.0_31"
187.18.201.26 - - [31/Jul/2013:00:41:25 -0300] "GET /dia-a-dia/belezas-do-villas-jurere-em-angulos HTTP/1.1" 301 - "-" "Java/1.6.0_31"
187.18.201.26 - - [31/Jul/2013:00:41:26 -0300] "GET /dia-a-dia/belezas-do-villas-jurere-em-angulos/ HTTP/1.1" 200 19246 "-" "Java/1.6.0_31"
187.18.201.26 - - [31/Jul/2013:00:41:28 -0300] "GET /dia-a-dia/campanha-desenvolvida-pela-agencia-marketeria-percorre-o-mundo HTTP/1.1" 301 - "-" "Java/1.6.0_31"
187.18.201.26 - - [31/Jul/2013:00:41:30 -0300] "GET /dia-a-dia/campanha-desenvolvida-pela-agencia-marketeria-percorre-o-mundo/ HTTP/1.1" 200 19450 "-" "Java/1.6.0_31"
187.18.201.26 - - [31/Jul/2013:00:41:32 -0300] "GET /dia-a-dia/gramado-2013-parte-04 HTTP/1.1" 301 - "-" "Java/1.6.0_31"
187.18.201.26 - - [31/Jul/2013:00:41:33 -0300] "GET /dia-a-dia/gramado-2013-parte-04/ HTTP/1.1" 200 17342 "-" "Java/1.6.0_31"
187.18.201.26 - - [31/Jul/2013:00:41:35 -0300] "GET /dia-a-dia/gramado-parte-05 HTTP/1.1" 301 - "-" "Java/1.6.0_31"
187.18.201.26 - - [31/Jul/2013:00:41:39 -0300] "GET /dia-a-dia/gramado-parte-05/ HTTP/1.1" 200 17341 "-" "Java/1.6.0_31"
187.18.201.26 - - [31/Jul/2013:00:41:41 -0300] "GET /dia-a-dia/marks-visitam-a-grafica-volpato HTTP/1.1" 301 - "-" "Java/1.6.0_31"
187.18.201.26 - - [31/Jul/2013:00:41:42 -0300] "GET /dia-a-dia/marks-visitam-a-grafica-volpato/ HTTP/1.1" 200 15595 "-" "Java/1.6.0_31"
187.18.201.26 - - [31/Jul/2013:00:41:45 -0300] "GET /dia-a-dia/niver-na-marketeria HTTP/1.1" 301 - "-" "Java/1.6.0_31"
187.18.201.26 - - [31/Jul/2013:00:41:46 -0300] "GET /dia-a-dia/niver-na-marketeria/ HTTP/1.1" 200 17802 "-" "Java/1.6.0_31"
187.18.201.26 - - [31/Jul/2013:00:41:48 -0300] "GET /dia-a-dia/que-tal-conhecer-itajai-ou-dourados HTTP/1.1" 301 - "-" "Java/1.6.0_31"
187.18.201.26 - - [31/Jul/2013:00:41:49 -0300] "GET /dia-a-dia/que-tal-conhecer-itajai-ou-dourados/ HTTP/1.1" 200 18834 "-" "Java/1.6.0_31"
187.18.201.26 - - [31/Jul/2013:00:41:51 -0300] "GET /dia-a-dia/terca-de-vinho-para-a-rosti-haus-batataria HTTP/1.1" 301 - "-" "Java/1.6.0_31"
187.18.201.26 - - [31/Jul/2013:00:41:55 -0300] "GET /dia-a-dia/terca-de-vinho-para-a-rosti-haus-batataria/ HTTP/1.1" 200 18681 "-" "Java/1.6.0_31"
187.18.201.26 - - [31/Jul/2013:00:41:57 -0300] "GET /mercado/google-lanca-o-project-loon-e-coloca-no-ar-os-primeiros-baloes-com-acesso-a-internet HTTP/1.1" 301 - "-" "Java/1.6.0_31"
187.18.201.26 - - [31/Jul/2013:00:41:58 -0300] "GET /mercado/google-lanca-o-project-loon-e-coloca-no-ar-os-primeiros-baloes-com-acesso-a-internet/ HTTP/1.1" 200 20455 "-" "Java/1.6.0_31"
187.18.201.26 - - [31/Jul/2013:00:42:01 -0300] "GET /contat/feed HTTP/1.1" 301 - "-" "Java/1.6.0_31"
187.18.201.26 - - [31/Jul/2013:00:42:02 -0300] "GET /contat/feed/ HTTP/1.1" 200 730 "-" "Java/1.6.0_31"
187.18.201.26 - - [31/Jul/2013:00:42:03 -0300] "GET /marks/feed HTTP/1.1" 301 - "-" "Java/1.6.0_31"
187.18.201.26 - - [31/Jul/2013:00:42:04 -0300] "GET /marks/feed/ HTTP/1.1" 200 727 "-" "Java/1.6.0_31"
187.18.201.26 - - [31/Jul/2013:00:42:06 -0300] "GET /sobre/feed HTTP/1.1" 301 - "-" "Java/1.6.0_31"
187.18.201.26 - - [31/Jul/2013:00:42:07 -0300] "GET /sobre/feed/ HTTP/1.1" 200 727 "-" "Java/1.6.0_31"
187.18.201.26 - - [31/Jul/2013:00:42:08 -0300] "GET /dia-a-dia/gramado-2013-impressoes-morihiro HTTP/1.1" 301 - "-" "Java/1.6.0_31"
187.18.201.26 - - [31/Jul/2013:00:42:09 -0300] "GET /dia-a-dia/gramado-2013-impressoes-morihiro/ HTTP/1.1" 200 17830 "-" "Java/1.6.0_31"
187.18.201.26 - - [31/Jul/2013:00:42:14 -0300] "GET /dia-a-dia/gramado-2013-paineis-manha-0603 HTTP/1.1" 301 - "-" "Java/1.6.0_31"
187.18.201.26 - - [31/Jul/2013:00:42:15 -0300] "GET /dia-a-dia/gramado-2013-paineis-manha-0603/ HTTP/1.1" 200 18560 "-" "Java/1.6.0_31"
187.18.201.26 - - [31/Jul/2013:00:42:17 -0300] "GET /dia-a-dia/gramado-2013-parte-03 HTTP/1.1" 301 - "-" "Java/1.6.0_31"
187.18.201.26 - - [31/Jul/2013:00:42:19 -0300] "GET /dia-a-dia/gramado-2013-parte-03/ HTTP/1.1" 200 17595 "-" "Java/1.6.0_31"
187.18.201.26 - - [31/Jul/2013:00:42:21 -0300] "GET /mercado/facebook-marketing HTTP/1.1" 301 - "-" "Java/1.6.0_31"
187.18.201.26 - - [31/Jul/2013:00:42:22 -0300] "GET /mercado/facebook-marketing/ HTTP/1.1" 200 22937 "-" "Java/1.6.0_31"
187.18.201.26 - - [31/Jul/2013:00:42:24 -0300] "GET /mercado/historia-dos-videogames HTTP/1.1" 301 - "-" "Java/1.6.0_31"
187.18.201.26 - - [31/Jul/2013:00:42:25 -0300] "GET /mercado/historia-dos-videogames/ HTTP/1.1" 200 17609 "-" "Java/1.6.0_31"
199.21.99.77 - - [31/Jul/2013:00:44:39 -0300] "GET /category/dia-a-dia/ HTTP/1.1" 200 22685 "-" "Mozilla/5.0 (compatible; YandexBot/3.0; +http://yandex.com/bots)"
180.76.5.147 - - [31/Jul/2013:00:52:36 -0300] "GET /web/index.php/casa/gourmet-restaurante-e-pizzaria HTTP/1.1" 404 1066 "-" "Mozilla/5.0 (compatible; Baiduspider/2.0; +http://www.baidu.com/search/spider.html)"
208.115.113.87 - - [31/Jul/2013:00:53:14 -0300] "GET /saiba_mais.php HTTP/1.1" 404 1066 "-" "Mozilla/5.0 (compatible; Ezooms/1.0; ezooms.bot@gmail.com)"
66.249.75.155 - - [31/Jul/2013:00:56:16 -0300] "GET /minha-conta/alterar-e-mail/ HTTP/1.1" 302 - "-" "Mozilla/5.0 (compatible; Googlebot/2.1; +http://www.google.com/bot.html)"
187.45.193.213 - - [31/Jul/2013:00:56:17 -0300] "POST /wp-cron.php?doing_wp_cron=1375242977.8722438812255859375000 HTTP/1.0" 200 - "-" "WordPress/3.5.2; http://www.markstock.com.br"
180.76.5.90 - - [31/Jul/2013:00:58:30 -0300] "GET /dia-a-dia/19o-festival-de-publicidade-de-gramado-abertura/feed/ HTTP/1.1" 304 - "-" "Mozilla/5.0 (compatible; Baiduspider/2.0; +http://www.baidu.com/search/spider.html)"
66.249.75.197 - - [31/Jul/2013:01:11:04 -0300] "GET /promotur/thumbs/_MG_8014.jpg HTTP/1.1" 200 3082 "-" "Googlebot-Image/1.0"
66.249.75.155 - - [31/Jul/2013:01:12:47 -0300] "GET /minha-conta/esqueci-minha-senha/ HTTP/1.1" 302 - "-" "Mozilla/5.0 (compatible; Googlebot/2.1; +http://www.google.com/bot.html)"
199.21.99.77 - - [31/Jul/2013:01:22:34 -0300] "GET /casas_interna.php?id=68 HTTP/1.1" 200 10588 "-" "Mozilla/5.0 (compatible; YandexBot/3.0; +http://yandex.com/bots)"
66.249.75.155 - - [31/Jul/2013:01:26:17 -0300] "GET /author/admin/feed/ HTTP/1.1" 200 1948 "-" "Mozilla/5.0 (compatible; Googlebot/2.1; +http://www.google.com/bot.html)"
180.76.5.98 - - [31/Jul/2013:01:27:04 -0300] "GET /dia-a-dia/gondolas/feed/ HTTP/1.1" 304 - "-" "Mozilla/5.0 (compatible; Baiduspider/2.0; +http://www.baidu.com/search/spider.html)"
65.55.52.111 - - [31/Jul/2013:01:41:06 -0300] "GET /robots.txt HTTP/1.1" 404 1062 "-" "Mozilla/5.0 (compatible; bingbot/2.0; +http://www.bing.com/bingbot.htm)"
187.45.193.213 - - [31/Jul/2013:01:41:23 -0300] "POST /novo/wp-cron.php?doing_wp_cron=1375245682.8724479675292968750000 HTTP/1.0" 200 - "-" "WordPress/3.5.1; http://www.marketeria.com.br"
180.76.6.16 - - [31/Jul/2013:01:41:21 -0300] "GET /category/mercado/page/2/ HTTP/1.1" 200 12403 "-" "Mozilla/5.0 (compatible; Baiduspider/2.0; +http://www.baidu.com/search/spider.html)"
65.55.52.111 - - [31/Jul/2013:01:41:41 -0300] "GET /container_inverno_2012.php HTTP/1.1" 404 1062 "-" "Mozilla/5.0 (compatible; bingbot/2.0; +http://www.bing.com/bingbot.htm)"
189.31.114.74 - - [31/Jul/2013:01:43:51 -0300] "GET /stuff/amaral.jpg HTTP/1.1" 404 1150 "-" "Mozilla/5.0 (iPhone; CPU iPhone OS 6_1_3 like Mac OS X) AppleWebKit/536.26 (KHTML, like Gecko) Mobile/10B329"
187.233.89.58 - - [31/Jul/2013:01:44:10 -0300] "GET /clientes/casadeprojetos/wp-content/uploads/2013/02/Cypres-Hill-Tequilla-Sunrise.mp3 HTTP/1.1" 200 3824721 "-" "MusicDownloader/1.1 CFNetwork/609.1.4 Darwin/13.0.0"
66.249.75.197 - - [31/Jul/2013:01:44:43 -0300] "GET /promotur/thumbs/_MG_3046_u.jpg HTTP/1.1" 200 3438 "-" "Googlebot-Image/1.0"
27.159.218.162 - - [31/Jul/2013:01:52:21 -0300] "GET / HTTP/1.1" 200 44411 "-" "Mozilla/4.0 (compatible; MSIE 6.0; Windows NT 5.1; SV1)"
66.249.75.197 - - [31/Jul/2013:01:52:50 -0300] "GET /site/portfolio HTTP/1.1" 200 26095 "-" "Mozilla/5.0 (compatible; Googlebot/2.1; +http://www.google.com/bot.html)"
66.249.75.155 - - [31/Jul/2013:01:53:27 -0300] "GET /category/uncategorized/feed/ HTTP/1.1" 200 1966 "-" "Mozilla/5.0 (compatible; Googlebot/2.1; +http://www.google.com/bot.html)"
66.249.75.197 - - [31/Jul/2013:01:54:21 -0300] "GET /site/public/css/ui.totop.css HTTP/1.1" 200 217 "-" "Mozilla/5.0 (compatible; Googlebot/2.1; +http://www.google.com/bot.html)"
66.249.75.197 - - [31/Jul/2013:01:54:35 -0300] "GET /site/public/css/style.css HTTP/1.1" 200 8800 "-" "Mozilla/5.0 (compatible; Googlebot/2.1; +http://www.google.com/bot.html)"
66.249.75.197 - - [31/Jul/2013:01:54:51 -0300] "GET /site/public/css/bg_port.css HTTP/1.1" 200 202 "-" "Mozilla/5.0 (compatible; Googlebot/2.1; +http://www.google.com/bot.html)"
66.249.75.197 - - [31/Jul/2013:01:54:54 -0300] "GET /site/public/font/stylesheet.css HTTP/1.1" 200 3228 "-" "Mozilla/5.0 (compatible; Googlebot/2.1; +http://www.google.com/bot.html)"
66.249.75.197 - - [31/Jul/2013:01:55:03 -0300] "GET /site/public/js/script.js?015250 HTTP/1.1" 200 5474 "http://www.marketeria.com.br/site/portfolio" "Mozilla/5.0 (compatible; Googlebot/2.1; +http://www.google.com/bot.html)"
69.171.166.97 - - [31/Jul/2013:01:56:19 -0300] "GET /clientes/casadeprojetos/wp-content/uploads/2013/02/Cypres-Hill-Tequilla-Sunrise.mp3 HTTP/1.1" 200 3824721 "-" "Dalvik/1.4.0 (Linux; U; Android 2.3.6; X501_USA_Cricket Build/GRK39F)"
66.249.75.197 - - [31/Jul/2013:01:56:42 -0300] "GET /site HTTP/1.1" 301 242 "-" "Mozilla/5.0 (compatible; Googlebot/2.1; +http://www.google.com/bot.html)"
66.249.75.197 - - [31/Jul/2013:01:56:58 -0300] "GET /site/ HTTP/1.1" 200 7893 "-" "Mozilla/5.0 (compatible; Googlebot/2.1; +http://www.google.com/bot.html)"
157.55.32.184 - - [31/Jul/2013:01:58:54 -0300] "GET /robots.txt HTTP/1.1" 404 1066 "-" "Mozilla/5.0 (compatible; bingbot/2.0; +http://www.bing.com/bingbot.htm)"
157.55.32.106 - - [31/Jul/2013:01:59:13 -0300] "GET /niu_sushi.php HTTP/1.1" 404 1062 "-" "Mozilla/5.0 (compatible; bingbot/2.0; +http://www.bing.com/bingbot.htm)"
157.55.32.184 - - [31/Jul/2013:01:59:42 -0300] "GET /alles_picanha.php HTTP/1.1" 404 1066 "-" "Mozilla/5.0 (compatible; bingbot/2.0; +http://www.bing.com/bingbot.htm)"
208.115.113.92 - - [31/Jul/2013:02:01:34 -0300] "GET /novo/post/mudando-e-se-moldando/ HTTP/1.1" 302 1 "-" "Mozilla/5.0 (compatible; Ezooms/1.0; ezooms.bot@gmail.com)"
208.115.113.92 - - [31/Jul/2013:02:01:36 -0300] "GET /site/portfolio/COINTER/Produtos-hospitalares HTTP/1.1" 200 6461 "-" "Mozilla/5.0 (compatible; Ezooms/1.0; ezooms.bot@gmail.com)"
178.255.215.70 - - [31/Jul/2013:02:03:43 -0300] "GET /dia+a+dia/post+162+O+Sol+apareceu HTTP/1.1" 404 7210 "-" "Mozilla/5.0 (compatible; Exabot/3.0; +http://www.exabot.com/go/robot)"
187.45.193.213 - - [31/Jul/2013:02:03:45 -0300] "POST /novo/wp-cron.php?doing_wp_cron=1375247024.7610189914703369140625 HTTP/1.0" 200 - "-" "WordPress/3.5.1; http://www.marketeria.com.br"
180.76.5.89 - - [31/Jul/2013:02:13:09 -0300] "GET /dia-a-dia/3469/feed/ HTTP/1.1" 304 - "-" "Mozilla/5.0 (compatible; Baiduspider/2.0; +http://www.baidu.com/search/spider.html)"
157.55.33.253 - - [31/Jul/2013:02:16:30 -0300] "GET /robots.txt HTTP/1.1" 200 69 "-" "Mozilla/5.0 (compatible; bingbot/2.0; +http://www.bing.com/bingbot.htm)"
157.55.33.253 - - [31/Jul/2013:02:17:08 -0300] "GET /site/ HTTP/1.1" 200 7893 "-" "Mozilla/5.0 (compatible; bingbot/2.0; +http://www.bing.com/bingbot.htm)"
187.45.193.213 - - [31/Jul/2013:02:22:42 -0300] "POST /novo/wp-cron.php?doing_wp_cron=1375248162.0803608894348144531250 HTTP/1.0" 200 - "-" "WordPress/3.5.1; http://www.marketeria.com.br"
66.249.75.197 - - [31/Jul/2013:02:22:40 -0300] "GET /dia-a-dia/a-milanesa/ HTTP/1.1" 200 18136 "-" "Mozilla/5.0 (compatible; Googlebot/2.1; +http://www.google.com/bot.html)"
66.249.75.197 - - [31/Jul/2013:02:23:43 -0300] "GET /promotur/thumbs/_MG_1569_u.jpg HTTP/1.1" 200 3596 "-" "Googlebot-Image/1.0"
208.54.39.252 - - [31/Jul/2013:02:25:32 -0300] "GET /clientes/casadeprojetos/wp-content/uploads/2013/02/Cypres-Hill-Tequilla-Sunrise.mp3 HTTP/1.1" 200 3824721 "-" "stagefright/1.1 (Linux;Android 2.3.6)"
66.220.152.115 - - [31/Jul/2013:02:26:42 -0300] "GET /site/admin/upload/1885.jpg HTTP/1.1" 200 5652 "-" "facebookexternalhit/1.1 (+http://www.facebook.com/externalhit_uatext.php)"
187.45.193.213 - - [31/Jul/2013:02:27:19 -0300] "POST /novo/wp-cron.php?doing_wp_cron=1375248439.1977570056915283203125 HTTP/1.0" 200 - "-" "WordPress/3.5.1; http://www.marketeria.com.br"
208.115.113.82 - - [31/Jul/2013:02:27:18 -0300] "GET /robots.txt HTTP/1.1" 200 69 "-" "Mozilla/5.0 (compatible; Ezooms/1.0; ezooms.bot@gmail.com)"
66.249.75.10 - - [31/Jul/2013:02:29:37 -0300] "GET /web/index.php/aben HTTP/1.1" 404 1066 "-" "Mozilla/5.0 (compatible; Googlebot/2.1; +http://www.google.com/bot.html)"
65.55.52.111 - - [31/Jul/2013:02:30:39 -0300] "GET /portfolio/fotografia HTTP/1.1" 404 7197 "-" "Mozilla/5.0 (compatible; bingbot/2.0; +http://www.bing.com/bingbot.htm)"
66.249.75.10 - - [31/Jul/2013:02:31:38 -0300] "GET /barao.swf HTTP/1.1" 404 1066 "-" "Mozilla/5.0 (compatible; Googlebot/2.1; +http://www.google.com/bot.html)"
199.21.99.77 - - [31/Jul/2013:02:32:57 -0300] "GET /casas_interna.php?id=82 HTTP/1.1" 200 10359 "-" "Mozilla/5.0 (compatible; YandexBot/3.0; +http://yandex.com/bots)"
66.249.75.155 - - [31/Jul/2013:02:35:54 -0300] "GET /minha-conta/meu-carrinho/feed/ HTTP/1.1" 200 744 "-" "Mozilla/5.0 (compatible; Googlebot/2.1; +http://www.google.com/bot.html)"
187.45.193.213 - - [31/Jul/2013:02:35:55 -0300] "POST /wp-cron.php?doing_wp_cron=1375248955.7474839687347412109375 HTTP/1.0" 200 - "-" "WordPress/3.5.2; http://www.markstock.com.br"
201.141.234.136 - - [31/Jul/2013:02:39:00 -0300] "GET / HTTP/1.1" 200 44411 "http://www.marketeria.com.br" "Opera/9.80 (Windows NT 6.2; Win64; x64) Presto/2.12.388 Version/12.15"
180.76.6.17 - - [31/Jul/2013:02:41:50 -0300] "GET /dia-a-dia/o-bom-filho-a-casa-torna/feed/ HTTP/1.1" 200 813 "-" "Mozilla/5.0 (compatible; Baiduspider/2.0; +http://www.baidu.com/search/spider.html)"
66.249.75.197 - - [31/Jul/2013:02:46:32 -0300] "GET /2013/07/30/ HTTP/1.1" 200 22711 "-" "Mozilla/5.0 (compatible; Googlebot/2.1; +http://www.google.com/bot.html)"
66.249.75.155 - - [31/Jul/2013:02:50:32 -0300] "GET /2013/ HTTP/1.1" 200 13448 "-" "Mozilla/5.0 (compatible; Googlebot/2.1; +http://www.google.com/bot.html)"
180.76.5.27 - - [31/Jul/2013:02:56:02 -0300] "GET /dia-a-dia/imac/feed/ HTTP/1.1" 304 - "-" "Mozilla/5.0 (compatible; Baiduspider/2.0; +http://www.baidu.com/search/spider.html)"
66.249.75.10 - - [31/Jul/2013:03:02:01 -0300] "GET /don_maximiliano_inverno_2012.php HTTP/1.1" 404 1066 "-" "Mozilla/5.0 (compatible; Googlebot/2.1; +http://www.google.com/bot.html)"
66.249.75.197 - - [31/Jul/2013:03:02:57 -0300] "GET /dia-a-dia/campanha-desenvolvida-pela-agencia-marketeria-percorre-o-mundo/ HTTP/1.1" 200 19450 "-" "Mozilla/5.0 (compatible; Googlebot/2.1; +http://www.google.com/bot.html)"
66.249.75.197 - - [31/Jul/2013:03:05:50 -0300] "GET /promotur/galerias/caieira/_MG_9483.jpg HTTP/1.1" 200 88187 "-" "Googlebot-Image/1.0"
66.249.75.155 - - [31/Jul/2013:03:06:11 -0300] "GET /?page_id=18 HTTP/1.1" 404 12097 "-" "Mozilla/5.0 (compatible; Googlebot/2.1; +http://www.google.com/bot.html)"
187.45.193.213 - - [31/Jul/2013:03:06:13 -0300] "POST /wp-cron.php?doing_wp_cron=1375250773.2292480468750000000000 HTTP/1.0" 200 - "-" "WordPress/3.5.2; http://www.markstock.com.br"
199.30.20.94 - - [31/Jul/2013:03:07:44 -0300] "GET /robots.txt HTTP/1.1" 404 1062 "-" "msnbot-media/1.1 (+http://search.msn.com/msnbot.htm)"
199.30.20.94 - - [31/Jul/2013:03:07:44 -0300] "GET /admin/upload/201307163853.jpg HTTP/1.1" 200 167368 "-" "msnbot-media/1.1 (+http://search.msn.com/msnbot.htm)"
66.249.75.10 - - [31/Jul/2013:03:09:04 -0300] "GET /casas_interna.php?id=73 HTTP/1.1" 200 10636 "-" "Mozilla/5.0 (compatible; Googlebot/2.1; +http://www.google.com/bot.html)"
66.249.75.197 - - [31/Jul/2013:03:13:31 -0300] "GET /promotur/thumbs/_MG_9123.jpg HTTP/1.1" 200 2898 "-" "Googlebot-Image/1.0"
201.141.255.82 - - [31/Jul/2013:03:14:10 -0300] "GET /clientes/casadeprojetos/wp-content/uploads/2013/02/Cypres-Hill-Tequilla-Sunrise.mp3 HTTP/1.1" 200 3824721 "-" "BlackBerry8520/5.0.0.592 Profile/MIDP-2.1 Configuration/CLDC-1.1 VendorID/136"
66.249.75.197 - - [31/Jul/2013:03:14:20 -0300] "GET /dia-a-dia/marketeria-no-19o-festival-de-publicidade-de-gramado/ HTTP/1.1" 200 18500 "-" "Mozilla/5.0 (compatible; Googlebot/2.1; +http://www.google.com/bot.html)"
202.46.55.196 - - [31/Jul/2013:03:15:53 -0300] "GET / HTTP/1.1" 200 12045 "-" "Mozilla/5.0 (Windows NT 6.1; rv:16.0) Gecko/20100101 Firefox/16.0"
208.115.113.87 - - [31/Jul/2013:03:22:47 -0300] "GET /robots.txt HTTP/1.1" 404 1066 "-" "Mozilla/5.0 (compatible; Ezooms/1.0; ezooms.bot@gmail.com)"
180.76.5.101 - - [31/Jul/2013:03:24:37 -0300] "GET /dia-a-dia/estamos-ai/feed/ HTTP/1.1" 304 - "-" "Mozilla/5.0 (compatible; Baiduspider/2.0; +http://www.baidu.com/search/spider.html)"
66.249.75.155 - - [31/Jul/2013:03:24:58 -0300] "GET /hello-world/feed/ HTTP/1.1" 200 1429 "-" "Mozilla/5.0 (compatible; Googlebot/2.1; +http://www.google.com/bot.html)"
119.235.237.19 - - [31/Jul/2013:03:28:49 -0300] "GET /robots.txt HTTP/1.1" 404 1099 "-" "Yeti/1.0 (NHN Corp.; http://help.naver.com/robots/)"
119.235.237.19 - - [31/Jul/2013:03:28:49 -0300] "GET / HTTP/1.1" 200 12045 "-" "Yeti/1.0 (NHN Corp.; http://help.naver.com/robots/)"
178.154.243.85 - - [31/Jul/2013:03:28:53 -0300] "GET /site/public/images/topo/marca_marketeria.png HTTP/1.1" 200 7421 "-" "Mozilla/5.0 (compatible; YandexImages/3.0; +http://yandex.com/bots)"
66.249.75.197 - - [31/Jul/2013:03:36:40 -0300] "GET /2013/07/30/page/2/ HTTP/1.1" 404 7202 "-" "Mozilla/5.0 (compatible; Googlebot/2.1; +http://www.google.com/bot.html)"
187.45.193.213 - - [31/Jul/2013:03:36:41 -0300] "POST /novo/wp-cron.php?doing_wp_cron=1375252601.4423189163208007812500 HTTP/1.0" 200 - "-" "WordPress/3.5.1; http://www.marketeria.com.br"
66.249.75.197 - - [31/Jul/2013:03:42:55 -0300] "GET /site/public/js/script.js?015659 HTTP/1.1" 200 5474 "http://www.marketeria.com.br/site/" "Mozilla/5.0 (compatible; Googlebot/2.1; +http://www.google.com/bot.html)"
199.21.99.77 - - [31/Jul/2013:03:44:03 -0300] "GET /casas_interna.php?id=72 HTTP/1.1" 200 10426 "-" "Mozilla/5.0 (compatible; YandexBot/3.0; +http://yandex.com/bots)"
66.249.75.197 - - [31/Jul/2013:03:46:45 -0300] "GET /blog/page/2/ HTTP/1.1" 200 19636 "-" "Mozilla/5.0 (iPhone; U; CPU iPhone OS 4_1 like Mac OS X; en-us) AppleWebKit/532.9 (KHTML, like Gecko) Version/4.0.5 Mobile/8B117 Safari/6531.22.7 (compatible; Googlebot-Mobile/2.1; +http://www.google.com/bot.html)"
66.249.75.197 - - [31/Jul/2013:03:50:17 -0300] "GET /promotur/galerias/urbanas/IMG_0188.jpg HTTP/1.1" 200 210329 "-" "Googlebot-Image/1.0"
66.249.75.197 - - [31/Jul/2013:03:52:58 -0300] "GET /mercado/marketeria-e-o-projeto-ouya/ HTTP/1.1" 200 17522 "-" "Mozilla/5.0 (compatible; Googlebot/2.1; +http://www.google.com/bot.html)"
180.76.6.28 - - [31/Jul/2013:03:53:16 -0300] "GET /dia-a-dia/premio-manchester-catarinense/feed/ HTTP/1.1" 200 841 "-" "Mozilla/5.0 (compatible; Baiduspider/2.0; +http://www.baidu.com/search/spider.html)"
66.249.75.197 - - [31/Jul/2013:03:54:33 -0300] "GET /dia-a-dia/campanha-desenvolvida-pela-agencia-marketeria-percorre-o-mundo/feed/ HTTP/1.1" 200 927 "-" "Mozilla/5.0 (compatible; Googlebot/2.1; +http://www.google.com/bot.html)"
66.249.75.197 - - [31/Jul/2013:03:55:01 -0300] "GET /promotur/thumbs/_MG_3341_u.jpg HTTP/1.1" 200 3594 "-" "Googlebot-Image/1.0"
66.249.75.155 - - [31/Jul/2013:03:56:20 -0300] "GET /hello-world/?replytocom=1 HTTP/1.1" 200 17203 "-" "Mozilla/5.0 (compatible; Googlebot/2.1; +http://www.google.com/bot.html)"
187.45.193.213 - - [31/Jul/2013:03:56:22 -0300] "POST /wp-cron.php?doing_wp_cron=1375253782.7708389759063720703125 HTTP/1.0" 200 - "-" "WordPress/3.5.2; http://www.markstock.com.br"
208.115.113.82 - - [31/Jul/2013:03:58:07 -0300] "GET /site/portfolio/Leaves/Fast-Food-de-comidas-leves HTTP/1.1" 200 6611 "-" "Mozilla/5.0 (compatible; Ezooms/1.0; ezooms.bot@gmail.com)"
66.249.75.155 - - [31/Jul/2013:04:06:57 -0300] "GET /finalizar-compra/pedidos/feed/ HTTP/1.1" 200 739 "-" "Mozilla/5.0 (compatible; Googlebot/2.1; +http://www.google.com/bot.html)"
180.76.5.14 - - [31/Jul/2013:04:07:38 -0300] "GET /markpuzzle/wp-content/themes/rttheme17/css/flexslider.css?ver=3.5.1 HTTP/1.1" 304 - "-" "Mozilla/5.0 (compatible; Baiduspider/2.0; +http://www.baidu.com/search/spider.html)"
66.249.75.197 - - [31/Jul/2013:04:10:16 -0300] "GET /promotur/galerias/pesque_pague/_MG_8102.jpg HTTP/1.1" 200 179095 "-" "Googlebot-Image/1.0"
5.10.83.47 - - [31/Jul/2013:04:11:21 -0300] "GET /festival.php HTTP/1.1" 200 9011 "-" "Mozilla/5.0 (compatible; AhrefsBot/5.0; +http://ahrefs.com/robot/)"
5.10.83.47 - - [31/Jul/2013:04:22:52 -0300] "GET /casas.php HTTP/1.1" 200 13574 "-" "Mozilla/5.0 (compatible; AhrefsBot/5.0; +http://ahrefs.com/robot/)"
